// Jest Snapshot v1, https://goo.gl/fbAQLP

exports[`Definition Definition on parameter 1`] = `
DiagnosticList {
  "list": [],
}
`;

exports[`Definition Definition on parameter 2`] = `
[
  {
    "range": {
      "end": {
        "character": 28,
        "line": 481,
      },
      "start": {
        "character": 12,
        "line": 478,
      },
    },
    "uri": "file:///home/circleci/.cache/cci/orbs/.circleci/circleci/macos@2.yml",
  },
]
`;
